wandb: Tracking run with wandb version 0.21.4
wandb: W&B syncing is set to `offline` in this directory. Run `wandb online` or set WANDB_MODE=online to enable cloud syncing.
wandb: Run data is saved locally in ~/basework/LatProtRL/wandb/offline-run-20260408_051550-ejjm1vt5

================================================================================
MODE: Entropy=False, Size=False, BLOSUM=False
================================================================================

📊 Calibrating DHFROracle predictions...
  ✅ Calibration: target = 0.976086 * pred + -0.0211 (R²=0.8701)
[BUFFER] Initializing with sequences from 10th percentile
[BUFFER] Fitness range: [0.2798, 0.3113]
[BUFFER] Using sequences at indices 3680-3808 out of 4161
Using cuda:0 device
Wrapping the env with a `Monitor` wrapper
Wrapping the env in a DummyVecEnv.
🔍 Loading oracle checkpoint from: ckpt/DHFR/oracle.ckpt
✅ Oracle model loaded successfully!
[DEBUG] Starting learn() for 40960 timesteps...

================================================================================
STEP 0 SNAPSHOT
================================================================================
Initial Maximum Fitness: 0.311339
================================================================================

[BUFFER] New global best! Fitness=0.322831, Raw=-2.099038
✓ [SUCCESS] Improvement! Δ=0.001334, new_best=0.311439, reward=3.37
✓ [SUCCESS] Improvement! Δ=0.236949, new_best=0.666336, reward=48.17
[BUFFER] New global best! Fitness=0.666336, Raw=1.216471
✓ [SUCCESS] Improvement! Δ=0.044325, new_best=0.451023, reward=12.59
✓ [SUCCESS] Improvement! Δ=0.306105, new_best=0.666336, reward=65.65
✓ [SUCCESS] Improvement! Δ=0.405750, new_best=0.715615, reward=56.56
[BUFFER] New global best! Fitness=0.715615, Raw=1.692116
✓ [SUCCESS] Improvement! Δ=0.001334, new_best=0.295600, reward=3.37
✓ [SUCCESS] Improvement! Δ=0.280905, new_best=0.666336, reward=56.75
✓ [SUCCESS] Improvement! Δ=0.029969, new_best=0.349090, reward=8.71
✓ [SUCCESS] Improvement! Δ=0.001334, new_best=0.350423, reward=3.37
✓ [SUCCESS] Improvement! Δ=0.371511, new_best=0.666336, reward=74.42
✓ [SUCCESS] Improvement! Δ=0.043524, new_best=0.709860, reward=15.90
✓ [SUCCESS] Improvement! Δ=0.068487, new_best=0.384812, reward=10.68
✓ [SUCCESS] Improvement! Δ=0.281524, new_best=0.666336, reward=48.52
✓ [SUCCESS] Improvement! Δ=0.047789, new_best=0.714124, reward=13.39
✓ [SUCCESS] Improvement! Δ=0.018121, new_best=0.329560, reward=7.24
✓ [SUCCESS] Improvement! Δ=0.356931, new_best=0.666336, reward=71.58
✓ [SUCCESS] Improvement! Δ=0.049279, new_best=0.715615, reward=9.38
✓ [SUCCESS] Improvement! Δ=0.015595, new_best=0.310105, reward=3.35
✓ [SUCCESS] Improvement! Δ=0.101265, new_best=0.666336, reward=27.73
✓ [SUCCESS] Improvement! Δ=0.400578, new_best=0.715615, reward=64.99
✓ [SUCCESS] Improvement! Δ=0.308438, new_best=0.666336, reward=58.36
✓ [SUCCESS] Improvement! Δ=0.152069, new_best=0.666336, reward=37.21
✓ [SUCCESS] Improvement! Δ=0.096307, new_best=0.762642, reward=21.40
[BUFFER] New global best! Fitness=0.762642, Raw=2.146023
✓ [SUCCESS] Improvement! Δ=0.062539, new_best=0.714124, reward=15.52
✓ [SUCCESS] Improvement! Δ=0.021537, new_best=0.349090, reward=7.88
✓ [SUCCESS] Improvement! Δ=0.007793, new_best=0.356883, reward=3.90
✓ [SUCCESS] Improvement! Δ=0.026103, new_best=0.451023, reward=8.37
✓ [SUCCESS] Improvement! Δ=0.350754, new_best=0.666336, reward=39.27
✓ [SUCCESS] Improvement! Δ=0.043524, new_best=0.709860, reward=15.90
✓ [SUCCESS] Improvement! Δ=0.009329, new_best=0.328720, reward=2.04
✓ [SUCCESS] Improvement! Δ=0.337615, new_best=0.666336, reward=64.11
✓ [SUCCESS] Improvement! Δ=0.070926, new_best=0.666336, reward=14.94
✓ [SUCCESS] Improvement! Δ=0.047789, new_best=0.714124, reward=14.43
✓ [SUCCESS] Improvement! Δ=0.029969, new_best=0.328720, reward=8.71
✓ [SUCCESS] Improvement! Δ=0.001978, new_best=0.330698, reward=3.56
✓ [SUCCESS] Improvement! Δ=0.358294, new_best=0.666336, reward=84.55
✓ [SUCCESS] Improvement! Δ=0.325122, new_best=0.666336, reward=74.53
✓ [SUCCESS] Improvement! Δ=0.049279, new_best=0.715615, reward=9.82
✓ [SUCCESS] Improvement! Δ=0.327565, new_best=0.666336, reward=68.33
✓ [SUCCESS] Improvement! Δ=0.047789, new_best=0.714124, reward=17.16
✓ [SUCCESS] Improvement! Δ=0.113399, new_best=0.666336, reward=13.43
✓ [SUCCESS] Improvement! Δ=0.071106, new_best=0.666336, reward=16.42
✓ [SUCCESS] Improvement! Δ=0.043524, new_best=0.709860, reward=15.90
✓ [SUCCESS] Improvement! Δ=0.004264, new_best=0.714124, reward=2.80
✓ [SUCCESS] Improvement! Δ=0.065692, new_best=0.445453, reward=18.86
✓ [SUCCESS] Improvement! Δ=0.057327, new_best=0.502780, reward=13.98
✓ [SUCCESS] Improvement! Δ=0.170963, new_best=0.447832, reward=37.85
✓ [SUCCESS] Improvement! Δ=0.218503, new_best=0.666336, reward=48.13
✓ [SUCCESS] Improvement! Δ=0.180717, new_best=0.666336, reward=34.14
✓ [SUCCESS] Improvement! Δ=0.049279, new_best=0.715615, reward=9.00
✓ [SUCCESS] Improvement! Δ=0.050051, new_best=0.515567, reward=13.26
✓ [SUCCESS] Improvement! Δ=0.078088, new_best=0.593655, reward=21.95
✓ [SUCCESS] Improvement! Δ=0.072681, new_best=0.666336, reward=18.02
✓ [SUCCESS] Improvement! Δ=0.049279, new_best=0.715615, reward=10.52
✓ [SUCCESS] Improvement! Δ=0.317985, new_best=0.666336, reward=58.72
✓ [SUCCESS] Improvement! Δ=0.049279, new_best=0.715615, reward=11.25
✓ [SUCCESS] Improvement! Δ=0.019455, new_best=0.366388, reward=8.75
✓ [SUCCESS] Improvement! Δ=0.031233, new_best=0.406698, reward=4.49
✓ [SUCCESS] Improvement! Δ=0.010117, new_best=0.416815, reward=2.13
✓ [SUCCESS] Improvement! Δ=0.034208, new_best=0.451023, reward=13.13
✓ [SUCCESS] Improvement! Δ=0.161873, new_best=0.666336, reward=18.44
✓ [SUCCESS] Improvement! Δ=0.256705, new_best=0.666336, reward=29.03
✓ [SUCCESS] Improvement! Δ=0.043524, new_best=0.709860, reward=15.90
✓ [SUCCESS] Improvement! Δ=0.030859, new_best=0.476312, reward=12.13
✓ [SUCCESS] Improvement! Δ=0.026468, new_best=0.502780, reward=8.69
✓ [SUCCESS] Improvement! Δ=0.140255, new_best=0.666336, reward=39.27
✓ [SUCCESS] Improvement! Δ=0.049279, new_best=0.715615, reward=9.82
✓ [SUCCESS] Improvement! Δ=0.221594, new_best=0.709860, reward=58.99
✓ [SUCCESS] Improvement! Δ=0.004264, new_best=0.714124, reward=4.24
✓ [SUCCESS] Improvement! Δ=0.158771, new_best=0.606603, reward=35.55
✓ [SUCCESS] Improvement! Δ=0.059733, new_best=0.666336, reward=16.61
✓ [SUCCESS] Improvement! Δ=0.047789, new_best=0.714124, reward=17.16
✓ [SUCCESS] Improvement! Δ=0.001491, new_best=0.715615, reward=1.21
✓ [SUCCESS] Improvement! Δ=0.169883, new_best=0.666336, reward=38.45
✓ [SUCCESS] Improvement! Δ=0.029969, new_best=0.349090, reward=8.71
✓ [SUCCESS] Improvement! Δ=0.001334, new_best=0.350423, reward=3.37
✓ [SUCCESS] Improvement! Δ=0.100505, new_best=0.666336, reward=12.93
✓ [SUCCESS] Improvement! Δ=0.010401, new_best=0.676736, reward=4.19
✓ [SUCCESS] Improvement! Δ=0.033124, new_best=0.709860, reward=11.50
✓ [SUCCESS] Improvement! Δ=0.005755, new_best=0.715615, reward=1.66
✓ [SUCCESS] Improvement! Δ=0.281524, new_best=0.666336, reward=48.52
✓ [SUCCESS] Improvement! Δ=0.047789, new_best=0.714124, reward=17.16
✓ [SUCCESS] Improvement! Δ=0.001491, new_best=0.715615, reward=2.13
✓ [SUCCESS] Improvement! Δ=0.164355, new_best=0.666336, reward=29.92
✓ [SUCCESS] Improvement! Δ=0.047789, new_best=0.714124, reward=17.16
✓ [SUCCESS] Improvement! Δ=0.293260, new_best=0.666336, reward=44.23
✓ [SUCCESS] Improvement! Δ=0.043524, new_best=0.709860, reward=12.40
✓ [SUCCESS] Improvement! Δ=0.205059, new_best=0.603704, reward=43.60
✓ [SUCCESS] Improvement! Δ=0.062632, new_best=0.666336, reward=18.03
✓ [SUCCESS] Improvement! Δ=0.209456, new_best=0.609687, reward=38.49
✓ [SUCCESS] Improvement! Δ=0.056649, new_best=0.666336, reward=8.35
✓ [SUCCESS] Improvement! Δ=0.044325, new_best=0.451023, reward=11.62
✓ [SUCCESS] Improvement! Δ=0.001659, new_best=0.408748, reward=1.89
✓ [SUCCESS] Improvement! Δ=0.257588, new_best=0.666336, reward=49.35
✓ [SUCCESS] Improvement! Δ=0.021303, new_best=0.406698, reward=6.82
✓ [SUCCESS] Improvement! Δ=0.018222, new_best=0.424920, reward=5.96
✓ [SUCCESS] Improvement! Δ=0.026103, new_best=0.451023, reward=10.72
✓ [SUCCESS] Improvement! Δ=0.071106, new_best=0.666336, reward=8.83
✓ [SUCCESS] Improvement! Δ=0.221197, new_best=0.666336, reward=48.70
✓ [SUCCESS] Improvement! Δ=0.047789, new_best=0.714124, reward=17.16
✓ [SUCCESS] Improvement! Δ=0.217479, new_best=0.605807, reward=41.88
✓ [SUCCESS] Improvement! Δ=0.045778, new_best=0.651585, reward=9.95
✓ [SUCCESS] Improvement! Δ=0.014750, new_best=0.666336, reward=3.24
✓ [SUCCESS] Improvement! Δ=0.049279, new_best=0.715615, reward=9.58
✓ [SUCCESS] Improvement! Δ=0.060529, new_best=0.666336, reward=15.91
✓ [SUCCESS] Improvement! Δ=0.049279, new_best=0.715615, reward=6.26
✓ [SUCCESS] Improvement! Δ=0.082105, new_best=0.603704, reward=18.64
✓ [SUCCESS] Improvement! Δ=0.218275, new_best=0.666336, reward=54.90
✓ [SUCCESS] Improvement! Δ=0.018043, new_best=0.406698, reward=3.32
✓ [SUCCESS] Improvement! Δ=0.044325, new_best=0.451023, reward=16.13
✓ [SUCCESS] Improvement! Δ=0.146494, new_best=0.666336, reward=39.10
✓ [SUCCESS] Improvement! Δ=0.043524, new_best=0.709860, reward=10.86
✓ [SUCCESS] Improvement! Δ=0.005755, new_best=0.715615, reward=1.66
✓ [SUCCESS] Improvement! Δ=0.029958, new_best=0.424920, reward=8.44
✓ [SUCCESS] Improvement! Δ=0.026103, new_best=0.451023, reward=7.85
✓ [SUCCESS] Improvement! Δ=0.034969, new_best=0.530284, reward=6.53
✓ [SUCCESS] Improvement! Δ=0.136052, new_best=0.666336, reward=20.15
✓ [SUCCESS] Improvement! Δ=0.043524, new_best=0.709860, reward=15.90
✓ [SUCCESS] Improvement! Δ=0.005755, new_best=0.715615, reward=1.66
✓ [SUCCESS] Improvement! Δ=0.012952, new_best=0.559179, reward=4.47
✓ [SUCCESS] Improvement! Δ=0.107157, new_best=0.666336, reward=29.20
✓ [SUCCESS] Improvement! Δ=0.021627, new_best=0.651585, reward=5.16
✓ [SUCCESS] Improvement! Δ=0.014750, new_best=0.666336, reward=3.24
✓ [SUCCESS] Improvement! Δ=0.047789, new_best=0.714124, reward=11.66
✓ [SUCCESS] Improvement! Δ=0.047310, new_best=0.666336, reward=8.92
✓ [SUCCESS] Improvement! Δ=0.049279, new_best=0.715615, reward=10.52
✓ [SUCCESS] Improvement! Δ=0.018244, new_best=0.445453, reward=3.70
✓ [SUCCESS] Improvement! Δ=0.030859, new_best=0.476312, reward=12.13
✓ [SUCCESS] Improvement! Δ=0.026468, new_best=0.502780, reward=10.83
✓ [SUCCESS] Improvement! Δ=0.118199, new_best=0.666336, reward=25.95
✓ [SUCCESS] Improvement! Δ=0.257588, new_best=0.666336, reward=62.00
✓ [SUCCESS] Improvement! Δ=0.049279, new_best=0.715615, reward=6.26
✓ [SUCCESS] Improvement! Δ=0.161873, new_best=0.666336, reward=18.44
✓ [SUCCESS] Improvement! Δ=0.043524, new_best=0.709860, reward=10.86
✓ [SUCCESS] Improvement! Δ=0.005755, new_best=0.715615, reward=3.17
✓ [SUCCESS] Improvement! Δ=0.100505, new_best=0.666336, reward=25.37
✓ [SUCCESS] Improvement! Δ=0.049279, new_best=0.715615, reward=6.26
✓ [SUCCESS] Improvement! Δ=0.260648, new_best=0.666336, reward=80.38
✓ [SUCCESS] Improvement! Δ=0.178070, new_best=0.666336, reward=43.93
✓ [SUCCESS] Improvement! Δ=0.196972, new_best=0.606603, reward=45.37
✓ [SUCCESS] Improvement! Δ=0.059733, new_best=0.666336, reward=14.69
✓ [SUCCESS] Improvement! Δ=0.035028, new_best=0.666336, reward=5.33
✓ [SUCCESS] Improvement! Δ=0.015633, new_best=0.681969, reward=6.29
✓ [SUCCESS] Improvement! Δ=0.040173, new_best=0.666336, reward=7.54
✓ [SUCCESS] Improvement! Δ=0.043524, new_best=0.709860, reward=14.94
✓ [SUCCESS] Improvement! Δ=0.005755, new_best=0.715615, reward=2.76
✓ [SUCCESS] Improvement! Δ=0.207283, new_best=0.666336, reward=37.83
✓ [SUCCESS] Improvement! Δ=0.227407, new_best=0.666336, reward=47.94
✓ [SUCCESS] Improvement! Δ=0.043524, new_best=0.709860, reward=15.90
✓ [SUCCESS] Improvement! Δ=0.247408, new_best=0.666336, reward=46.07
✓ [SUCCESS] Improvement! Δ=0.047789, new_best=0.714124, reward=15.10
✓ [SUCCESS] Improvement! Δ=0.202088, new_best=0.666336, reward=36.23
✓ [SUCCESS] Improvement! Δ=0.049279, new_best=0.715615, reward=9.05
✓ [SUCCESS] Improvement! Δ=0.015745, new_best=0.476312, reward=7.65
✓ [SUCCESS] Improvement! Δ=0.183880, new_best=0.666336, reward=33.90
✓ [SUCCESS] Improvement! Δ=0.043524, new_best=0.709860, reward=10.85
✓ [SUCCESS] Improvement! Δ=0.026990, new_best=0.666336, reward=6.16
✓ [SUCCESS] Improvement! Δ=0.049279, new_best=0.715615, reward=6.26
✓ [SUCCESS] Improvement! Δ=0.076718, new_best=0.666336, reward=11.11
✓ [SUCCESS] Improvement! Δ=0.162248, new_best=0.666336, reward=23.17
✓ [SUCCESS] Improvement! Δ=0.049279, new_best=0.715615, reward=6.26
✓ [SUCCESS] Improvement! Δ=0.082524, new_best=0.571508, reward=17.02
✓ [SUCCESS] Improvement! Δ=0.094828, new_best=0.666336, reward=18.29
✓ [SUCCESS] Improvement! Δ=0.047789, new_best=0.714124, reward=17.16
✓ [SUCCESS] Improvement! Δ=0.076000, new_best=0.475572, reward=17.32
✓ [SUCCESS] Improvement! Δ=0.190763, new_best=0.666336, reward=41.69
✓ [SUCCESS] Improvement! Δ=0.047977, new_best=0.714312, reward=13.69
✓ [SUCCESS] Improvement! Δ=0.001303, new_best=0.715615, reward=1.79
✓ [SUCCESS] Improvement! Δ=0.004825, new_best=0.416815, reward=1.81
✓ [SUCCESS] Improvement! Δ=0.008105, new_best=0.424920, reward=4.20
✓ [SUCCESS] Improvement! Δ=0.223831, new_best=0.666336, reward=34.56
✓ [SUCCESS] Improvement! Δ=0.049279, new_best=0.715615, reward=6.26
✓ [SUCCESS] Improvement! Δ=0.016350, new_best=0.442505, reward=3.45
✓ [SUCCESS] Improvement! Δ=0.118266, new_best=0.666336, reward=23.31
✓ [SUCCESS] Improvement! Δ=0.047789, new_best=0.714124, reward=17.16
✓ [SUCCESS] Improvement! Δ=0.114204, new_best=0.709860, reward=31.01
✓ [SUCCESS] Improvement! Δ=0.132995, new_best=0.640753, reward=25.01
✓ [SUCCESS] Improvement! Δ=0.025582, new_best=0.666336, reward=6.52
✓ [SUCCESS] Improvement! Δ=0.049279, new_best=0.715615, reward=6.26
✓ [SUCCESS] Improvement! Δ=0.029996, new_best=0.445453, reward=4.35
✓ [SUCCESS] Improvement! Δ=0.094828, new_best=0.666336, reward=18.29
✓ [SUCCESS] Improvement! Δ=0.036377, new_best=0.666336, reward=11.00
✓ [SUCCESS] Improvement! Δ=0.043524, new_best=0.709860, reward=13.59
✓ [SUCCESS] Improvement! Δ=0.080025, new_best=0.498349, reward=20.09
✓ [SUCCESS] Improvement! Δ=0.167987, new_best=0.666336, reward=36.03
✓ [SUCCESS] Improvement! Δ=0.049279, new_best=0.715615, reward=6.26
✓ [SUCCESS] Improvement! Δ=0.004402, new_best=0.666336, reward=2.48
✓ [SUCCESS] Improvement! Δ=0.043524, new_best=0.709860, reward=14.32
✓ [SUCCESS] Improvement! Δ=0.052782, new_best=0.762642, reward=12.66
✓ [SUCCESS] Improvement! Δ=0.025714, new_best=0.445453, reward=7.78
✓ [SUCCESS] Improvement! Δ=0.016350, new_best=0.442505, reward=3.45
✓ [SUCCESS] Improvement! Δ=0.035848, new_best=0.478353, reward=13.62
✓ [SUCCESS] Improvement! Δ=0.025582, new_best=0.666336, reward=5.54
✓ [SUCCESS] Improvement! Δ=0.043524, new_best=0.709860, reward=15.90
✓ [SUCCESS] Improvement! Δ=0.006804, new_best=0.716664, reward=3.38
✓ [SUCCESS] Improvement! Δ=0.067065, new_best=0.666336, reward=15.10
✓ [SUCCESS] Improvement! Δ=0.047789, new_best=0.714124, reward=17.16
✓ [SUCCESS] Improvement! Δ=0.170627, new_best=0.606603, reward=37.31
✓ [SUCCESS] Improvement! Δ=0.059733, new_best=0.666336, reward=17.41
✓ [SUCCESS] Improvement! Δ=0.015633, new_best=0.681969, reward=5.73
✓ [SUCCESS] Improvement! Δ=0.032156, new_best=0.714124, reward=10.85
✓ [SUCCESS] Improvement! Δ=0.024597, new_best=0.540164, reward=6.31
✓ [SUCCESS] Improvement! Δ=0.126172, new_best=0.666336, reward=15.94
✓ [SUCCESS] Improvement! Δ=0.049279, new_best=0.715615, reward=6.26
✓ [SUCCESS] Improvement! Δ=0.017480, new_best=0.462339, reward=3.44
✓ [SUCCESS] Improvement! Δ=0.024584, new_best=0.609687, reward=5.00
✓ [SUCCESS] Improvement! Δ=0.056649, new_best=0.666336, reward=8.35
✓ [SUCCESS] Improvement! Δ=0.047789, new_best=0.714124, reward=17.16
✓ [SUCCESS] Improvement! Δ=0.001491, new_best=0.715615, reward=1.33
✓ [SUCCESS] Improvement! Δ=0.156436, new_best=0.715615, reward=29.53
✓ [SUCCESS] Improvement! Δ=0.047678, new_best=0.651383, reward=6.09
✓ [SUCCESS] Improvement! Δ=0.014953, new_best=0.666336, reward=6.95
✓ [SUCCESS] Improvement! Δ=0.018798, new_best=0.442505, reward=6.86
✓ [SUCCESS] Improvement! Δ=0.253131, new_best=0.695636, reward=40.55
✓ [SUCCESS] Improvement! Δ=0.059847, new_best=0.619026, reward=12.90
✓ [SUCCESS] Improvement! Δ=0.047310, new_best=0.666336, reward=13.28
✓ [SUCCESS] Improvement! Δ=0.043524, new_best=0.709860, reward=15.90
✓ [SUCCESS] Improvement! Δ=0.005755, new_best=0.715615, reward=2.43
✓ [SUCCESS] Improvement! Δ=0.018882, new_best=0.666336, reward=7.44
✓ [SUCCESS] Improvement! Δ=0.069443, new_best=0.591366, reward=18.12
✓ [SUCCESS] Improvement! Δ=0.014441, new_best=0.605807, reward=5.23
✓ [SUCCESS] Improvement! Δ=0.041647, new_best=0.647454, reward=12.75
✓ [SUCCESS] Improvement! Δ=0.068161, new_best=0.715615, reward=10.86
✓ [SUCCESS] Improvement! Δ=0.019834, new_best=0.462339, reward=3.82
✓ [SUCCESS] Improvement! Δ=0.139678, new_best=0.666336, reward=34.36
✓ [SUCCESS] Improvement! Δ=0.013780, new_best=0.606603, reward=3.99
✓ [SUCCESS] Improvement! Δ=0.059733, new_best=0.666336, reward=14.96
✓ [SUCCESS] Improvement! Δ=0.099845, new_best=0.714124, reward=27.86
✓ [SUCCESS] Improvement! Δ=0.158577, new_best=0.666336, reward=22.67
✓ [SUCCESS] Improvement! Δ=0.049279, new_best=0.715615, reward=8.77
✓ [SUCCESS] Improvement! Δ=0.014802, new_best=0.676736, reward=4.66
✓ [SUCCESS] Improvement! Δ=0.072681, new_best=0.666336, reward=18.02
✓ [SUCCESS] Improvement! Δ=0.008002, new_best=0.489106, reward=3.38
✓ [SUCCESS] Improvement! Δ=0.177229, new_best=0.666336, reward=35.16
✓ [SUCCESS] Improvement! Δ=0.049279, new_best=0.715615, reward=6.26
✓ [SUCCESS] Improvement! Δ=0.047027, new_best=0.762642, reward=11.50
✓ [SUCCESS] Improvement! Δ=0.165452, new_best=0.715615, reward=34.61
✓ [SUCCESS] Improvement! Δ=0.016735, new_best=0.666336, reward=6.03
✓ [SUCCESS] Improvement! Δ=0.047789, new_best=0.714124, reward=17.16
✓ [SUCCESS] Improvement! Δ=0.001491, new_best=0.715615, reward=1.77
✓ [SUCCESS] Improvement! Δ=0.123791, new_best=0.666336, reward=25.80
✓ [SUCCESS] Improvement! Δ=0.141292, new_best=0.666336, reward=30.63
✓ [SUCCESS] Improvement! Δ=0.043524, new_best=0.709860, reward=15.90
✓ [SUCCESS] Improvement! Δ=0.106234, new_best=0.666336, reward=19.99
✓ [SUCCESS] Improvement! Δ=0.049279, new_best=0.715615, reward=6.26
✓ [SUCCESS] Improvement! Δ=0.122758, new_best=0.714124, reward=34.18
✓ [SUCCESS] Improvement! Δ=0.001491, new_best=0.715615, reward=1.21
✓ [SUCCESS] Improvement! Δ=0.064030, new_best=0.715615, reward=8.76
✓ [SUCCESS] Improvement! Δ=0.213877, new_best=0.666336, reward=32.28
✓ [SUCCESS] Improvement! Δ=0.092142, new_best=0.758478, reward=20.56
✓ [SUCCESS] Improvement! Δ=0.160510, new_best=0.666336, reward=28.38
✓ [SUCCESS] Improvement! Δ=0.169883, new_best=0.666336, reward=38.45
✓ [SUCCESS] Improvement! Δ=0.047789, new_best=0.714124, reward=17.16
✓ [SUCCESS] Improvement! Δ=0.001491, new_best=0.715615, reward=1.21
✓ [SUCCESS] Improvement! Δ=0.067065, new_best=0.666336, reward=15.60
✓ [SUCCESS] Improvement! Δ=0.047789, new_best=0.714124, reward=17.16
✓ [SUCCESS] Improvement! Δ=0.169702, new_best=0.666336, reward=44.78
✓ [SUCCESS] Improvement! Δ=0.110691, new_best=0.666336, reward=24.43
✓ [SUCCESS] Improvement! Δ=0.049279, new_best=0.715615, reward=6.26
✓ [SUCCESS] Improvement! Δ=0.059733, new_best=0.666336, reward=14.69
✓ [SUCCESS] Improvement! Δ=0.047789, new_best=0.714124, reward=17.16
✓ [SUCCESS] Improvement! Δ=0.139224, new_best=0.666336, reward=30.25
✓ [SUCCESS] Improvement! Δ=0.049279, new_best=0.715615, reward=11.58
✓ [SUCCESS] Improvement! Δ=0.182743, new_best=0.666336, reward=30.03
✓ [SUCCESS] Improvement! Δ=0.082105, new_best=0.603704, reward=20.08
✓ [SUCCESS] Improvement! Δ=0.075311, new_best=0.666336, reward=14.20
✓ [SUCCESS] Improvement! Δ=0.047789, new_best=0.714124, reward=17.16
✓ [SUCCESS] Improvement! Δ=0.061549, new_best=0.715615, reward=11.58
✓ [SUCCESS] Improvement! Δ=0.031660, new_best=0.527111, reward=7.79
✓ [SUCCESS] Improvement! Δ=0.139224, new_best=0.666336, reward=30.21
✓ [SUCCESS] Improvement! Δ=0.200820, new_best=0.666336, reward=42.68
✓ [SUCCESS] Improvement! Δ=0.007351, new_best=0.473042, reward=3.33
✓ [SUCCESS] Improvement! Δ=0.193293, new_best=0.666336, reward=33.67
✓ [SUCCESS] Improvement! Δ=0.047789, new_best=0.714124, reward=17.16
✓ [SUCCESS] Improvement! Δ=0.177352, new_best=0.666336, reward=37.98
✓ [SUCCESS] Improvement! Δ=0.070926, new_best=0.666336, reward=16.38
✓ [SUCCESS] Improvement! Δ=0.231190, new_best=0.715615, reward=32.81
✓ [SUCCESS] Improvement! Δ=0.101024, new_best=0.631308, reward=15.81
✓ [SUCCESS] Improvement! Δ=0.035028, new_best=0.666336, reward=9.12
✓ [SUCCESS] Improvement! Δ=0.049279, new_best=0.715615, reward=8.07
✓ [SUCCESS] Improvement! Δ=0.026990, new_best=0.666336, reward=6.16
✓ [SUCCESS] Improvement! Δ=0.186904, new_best=0.666336, reward=40.25
✓ [SUCCESS] Improvement! Δ=0.047789, new_best=0.714124, reward=17.16
✓ [SUCCESS] Improvement! Δ=0.027420, new_best=0.603704, reward=4.90
✓ [SUCCESS] Improvement! Δ=0.047678, new_best=0.651383, reward=6.09
✓ [SUCCESS] Improvement! Δ=0.115905, new_best=0.709860, reward=26.87
✓ [SUCCESS] Improvement! Δ=0.166128, new_best=0.666336, reward=33.97
✓ [SUCCESS] Improvement! Δ=0.047789, new_best=0.714124, reward=17.16
✓ [SUCCESS] Improvement! Δ=0.001491, new_best=0.715615, reward=1.21
✓ [SUCCESS] Improvement! Δ=0.025194, new_best=0.709860, reward=10.45
✓ [SUCCESS] Improvement! Δ=0.005755, new_best=0.715615, reward=3.17
✓ [SUCCESS] Improvement! Δ=0.226159, new_best=0.709860, reward=54.72
✓ [SUCCESS] Improvement! Δ=0.005755, new_best=0.715615, reward=1.66
✓ [SUCCESS] Improvement! Δ=0.181910, new_best=0.666336, reward=45.72
✓ [SUCCESS] Improvement! Δ=0.062904, new_best=0.666336, reward=9.09
✓ [SUCCESS] Improvement! Δ=0.151884, new_best=0.666336, reward=40.42
✓ [SUCCESS] Improvement! Δ=0.047789, new_best=0.714124, reward=17.16
✓ [SUCCESS] Improvement! Δ=0.041899, new_best=0.651585, reward=6.65
✓ [SUCCESS] Improvement! Δ=0.014750, new_best=0.666336, reward=5.01
✓ [SUCCESS] Improvement! Δ=0.043524, new_best=0.709860, reward=15.90
✓ [SUCCESS] Improvement! Δ=0.121716, new_best=0.606603, reward=27.74
✓ [SUCCESS] Improvement! Δ=0.059733, new_best=0.666336, reward=14.69
✓ [SUCCESS] Improvement! Δ=0.047789, new_best=0.714124, reward=17.16
✓ [SUCCESS] Improvement! Δ=0.048518, new_best=0.762642, reward=11.78
✓ [SUCCESS] Improvement! Δ=0.104849, new_best=0.593955, reward=17.01
✓ [SUCCESS] Improvement! Δ=0.121660, new_best=0.715615, reward=15.50
✓ [SUCCESS] Improvement! Δ=0.168584, new_best=0.666336, reward=36.21
✓ [SUCCESS] Improvement! Δ=0.082817, new_best=0.714124, reward=19.28
✓ [SUCCESS] Improvement! Δ=0.000086, new_best=0.666336, reward=2.27
✓ [SUCCESS] Improvement! Δ=0.139548, new_best=0.666336, reward=29.34
✓ [SUCCESS] Improvement! Δ=0.054415, new_best=0.603704, reward=14.53
✓ [SUCCESS] Improvement! Δ=0.079766, new_best=0.666336, reward=22.37
✓ [SUCCESS] Improvement! Δ=0.049279, new_best=0.715615, reward=8.91
✓ [SUCCESS] Improvement! Δ=0.026990, new_best=0.666336, reward=6.56
✓ [SUCCESS] Improvement! Δ=0.049432, new_best=0.666336, reward=15.53
✓ [SUCCESS] Improvement! Δ=0.015561, new_best=0.681897, reward=5.31
✓ [SUCCESS] Improvement! Δ=0.032228, new_best=0.714124, reward=12.54
✓ [SUCCESS] Improvement! Δ=0.132360, new_best=0.666336, reward=33.92
✓ [SUCCESS] Improvement! Δ=0.048842, new_best=0.568611, reward=12.70
✓ [SUCCESS] Improvement! Δ=0.081233, new_best=0.666336, reward=14.05
✓ [SUCCESS] Improvement! Δ=0.047789, new_best=0.714124, reward=17.16
✓ [SUCCESS] Improvement! Δ=0.027830, new_best=0.536657, reward=9.01
✓ [SUCCESS] Improvement! Δ=0.042355, new_best=0.579012, reward=12.37
✓ [SUCCESS] Improvement! Δ=0.126172, new_best=0.666336, reward=15.94
✓ [SUCCESS] Improvement! Δ=0.047789, new_best=0.714124, reward=15.10
✓ [SUCCESS] Improvement! Δ=0.006007, new_best=0.515355, reward=3.61
✓ [SUCCESS] Improvement! Δ=0.034808, new_best=0.550163, reward=13.31
✓ [SUCCESS] Improvement! Δ=0.020962, new_best=0.576366, reward=9.20
✓ [SUCCESS] Improvement! Δ=0.169388, new_best=0.715615, reward=41.18
✓ [SUCCESS] Improvement! Δ=0.032870, new_best=0.593655, reward=8.19
✓ [SUCCESS] Improvement! Δ=0.100369, new_best=0.694024, reward=20.31
✓ [SUCCESS] Improvement! Δ=0.024349, new_best=0.561005, reward=3.63
✓ [SUCCESS] Improvement! Δ=0.007606, new_best=0.568611, reward=3.54
✓ [SUCCESS] Improvement! Δ=0.052594, new_best=0.621205, reward=16.48
✓ [SUCCESS] Improvement! Δ=0.056649, new_best=0.666336, reward=8.35
✓ [SUCCESS] Improvement! Δ=0.096307, new_best=0.762642, reward=21.99
✓ [SUCCESS] Improvement! Δ=0.017473, new_best=0.666336, reward=5.67
✓ [SUCCESS] Improvement! Δ=0.049279, new_best=0.715615, reward=6.26
✓ [SUCCESS] Improvement! Δ=0.213538, new_best=0.714124, reward=56.74
✓ [SUCCESS] Improvement! Δ=0.050704, new_best=0.603704, reward=14.46
✓ [SUCCESS] Improvement! Δ=0.047678, new_best=0.651383, reward=6.09
✓ [SUCCESS] Improvement! Δ=0.046057, new_best=0.555404, reward=7.82
✓ [SUCCESS] Improvement! Δ=0.158720, new_best=0.714124, reward=39.09
✓ [SUCCESS] Improvement! Δ=0.001491, new_best=0.715615, reward=1.21
✓ [SUCCESS] Improvement! Δ=0.089969, new_best=0.666336, reward=27.85
✓ [SUCCESS] Improvement! Δ=0.018882, new_best=0.666336, reward=6.30
✓ [SUCCESS] Improvement! Δ=0.049279, new_best=0.715615, reward=12.92
✓ [SUCCESS] Improvement! Δ=0.056154, new_best=0.606603, reward=11.51
✓ [SUCCESS] Improvement! Δ=0.006772, new_best=0.613375, reward=4.49
✓ [SUCCESS] Improvement! Δ=0.052961, new_best=0.666336, reward=13.26
✓ [SUCCESS] Improvement! Δ=0.049279, new_best=0.715615, reward=11.96
✓ [SUCCESS] Improvement! Δ=0.211261, new_best=0.709860, reward=55.29
✓ [SUCCESS] Improvement! Δ=0.142018, new_best=0.666336, reward=31.93
✓ [SUCCESS] Improvement! Δ=0.047789, new_best=0.714124, reward=17.16
✓ [SUCCESS] Improvement! Δ=0.075184, new_best=0.603704, reward=9.27
✓ [SUCCESS] Improvement! Δ=0.047881, new_best=0.651585, reward=12.50
✓ [SUCCESS] Improvement! Δ=0.174119, new_best=0.716664, reward=37.83
✓ [SUCCESS] Improvement! Δ=0.031784, new_best=0.666336, reward=9.10
✓ [SUCCESS] Improvement! Δ=0.050328, new_best=0.716664, reward=14.25
✓ [SUCCESS] Improvement! Δ=0.000086, new_best=0.666336, reward=2.27
✓ [SUCCESS] Improvement! Δ=0.047614, new_best=0.642326, reward=14.83
✓ [SUCCESS] Improvement! Δ=0.039141, new_best=0.666336, reward=13.42
✓ [SUCCESS] Improvement! Δ=0.047789, new_best=0.714124, reward=17.16
✓ [SUCCESS] Improvement! Δ=0.036275, new_best=0.666336, reward=5.80
✓ [SUCCESS] Improvement! Δ=0.047789, new_best=0.714124, reward=12.35
✓ [SUCCESS] Improvement! Δ=0.026126, new_best=0.666336, reward=6.62
✓ [SUCCESS] Improvement! Δ=0.047789, new_best=0.714124, reward=11.02
✓ [SUCCESS] Improvement! Δ=0.086515, new_best=0.651585, reward=18.35
✓ [SUCCESS] Improvement! Δ=0.014750, new_best=0.666336, reward=2.69
✓ [SUCCESS] Improvement! Δ=0.052961, new_best=0.666336, reward=15.65
✓ [SUCCESS] Improvement! Δ=0.043524, new_best=0.709860, reward=15.90
✓ [SUCCESS] Improvement! Δ=0.014750, new_best=0.666336, reward=5.01
✓ [SUCCESS] Improvement! Δ=0.121876, new_best=0.666336, reward=22.98
✓ [SUCCESS] Improvement! Δ=0.049279, new_best=0.715615, reward=6.36
✓ [SUCCESS] Improvement! Δ=0.106324, new_best=0.666336, reward=24.56
✓ [SUCCESS] Improvement! Δ=0.047789, new_best=0.714124, reward=17.16
✓ [SUCCESS] Improvement! Δ=0.021028, new_best=0.716664, reward=6.80
✓ [SUCCESS] Improvement! Δ=0.087324, new_best=0.666336, reward=26.20
✓ [SUCCESS] Improvement! Δ=0.049279, new_best=0.715615, reward=6.26
✓ [SUCCESS] Improvement! Δ=0.075405, new_best=0.715615, reward=13.82
✓ [SUCCESS] Improvement! Δ=0.031784, new_best=0.666336, reward=8.01
✓ [SUCCESS] Improvement! Δ=0.119959, new_best=0.715615, reward=27.44
✓ [SUCCESS] Improvement! Δ=0.091505, new_best=0.603704, reward=20.55
✓ [SUCCESS] Improvement! Δ=0.062632, new_best=0.666336, reward=16.77
✓ [SUCCESS] Improvement! Δ=0.050328, new_best=0.716664, reward=13.23
✓ [SUCCESS] Improvement! Δ=0.018206, new_best=0.579212, reward=5.36
✓ [SUCCESS] Improvement! Δ=0.117023, new_best=0.666336, reward=33.20
✓ [SUCCESS] Improvement! Δ=0.004402, new_best=0.666336, reward=2.92
✓ [SUCCESS] Improvement! Δ=0.043524, new_best=0.709860, reward=11.30
✓ [SUCCESS] Improvement! Δ=0.020101, new_best=0.714124, reward=6.44
✓ [SUCCESS] Improvement! Δ=0.121876, new_best=0.666336, reward=33.47
✓ [SUCCESS] Improvement! Δ=0.043524, new_best=0.709860, reward=10.15
✓ [SUCCESS] Improvement! Δ=0.022526, new_best=0.561005, reward=3.44
✓ [SUCCESS] Improvement! Δ=0.004139, new_best=0.666336, reward=2.91
✓ [SUCCESS] Improvement! Δ=0.188993, new_best=0.714124, reward=49.12
✓ [SUCCESS] Improvement! Δ=0.001491, new_best=0.715615, reward=1.33
✓ [SUCCESS] Improvement! Δ=0.004402, new_best=0.666336, reward=1.70
✓ [SUCCESS] Improvement! Δ=0.043524, new_best=0.709860, reward=11.46
✓ [SUCCESS] Improvement! Δ=0.094828, new_best=0.666336, reward=18.29
✓ [SUCCESS] Improvement! Δ=0.047789, new_best=0.714124, reward=17.16
✓ [SUCCESS] Improvement! Δ=0.073626, new_best=0.619026, reward=18.77
✓ [SUCCESS] Improvement! Δ=0.047310, new_best=0.666336, reward=13.65
✓ [SUCCESS] Improvement! Δ=0.035983, new_best=0.676736, reward=10.27
✓ [SUCCESS] Improvement! Δ=0.038879, new_best=0.715615, reward=5.17
